Traceback (most recent call last):
  File "./f00670_classify_product_image.py", line 24, in classify_product_image
    image = Image.open(image_url)
  File "/root/autodl-tmp/conda-envs/py38/lib/python3.8/site-packages/PIL/Image.py", line 3243, in open
    fp = builtins.open(filename, "rb")
FileNotFoundError: [Errno 2] No such file or directory: 'https://placekitten.com/200/300'

The above exception was the direct cause of the following exception:

Traceback (most recent call last):
  File "./f00670_classify_product_image.py", line 67, in <module>
    test_classify_product_image()
  File "./f00670_classify_product_image.py", line 49, in test_classify_product_image
    predicted_category = classify_product_image(image_url, category_labels)
  File "./f00670_classify_product_image.py", line 27, in classify_product_image
    raise OSError("Error opening product image") from e
OSError: Error opening product image
