2023-12-01 02:26:31.713310: I tensorflow/core/platform/cpu_feature_guard.cc:182] This TensorFlow binary is optimized to use available CPU instructions in performance-critical operations.
To enable the following instructions: AVX2 FMA, in other operations, rebuild TensorFlow with the appropriate compiler flags.
2023-12-01 02:26:32.457927: W tensorflow/compiler/tf2tensorrt/utils/py_utils.cc:38] TF-TRT Warning: Could not find TensorRT
Traceback (most recent call last):
  File "./f00812_detect_voice_activity.py", line 21, in detect_voice_activity
    with open(file=audio_file_path, mode="rb") as audio_file:
FileNotFoundError: [Errno 2] No such file or directory: 'sample_audio.wav'

The above exception was the direct cause of the following exception:

Traceback (most recent call last):
  File "./f00812_detect_voice_activity.py", line 48, in <module>
    test_detect_voice_activity()
  File "./f00812_detect_voice_activity.py", line 38, in test_detect_voice_activity
    voice_activity = detect_voice_activity(sample_audio_file_path)
  File "./f00812_detect_voice_activity.py", line 24, in detect_voice_activity
    raise Exception("Could not access audio file.") from e
Exception: Could not access audio file.
