2023-11-30 23:01:45.259709: I tensorflow/core/platform/cpu_feature_guard.cc:182] This TensorFlow binary is optimized to use available CPU instructions in performance-critical operations.
To enable the following instructions: AVX2 FMA, in other operations, rebuild TensorFlow with the appropriate compiler flags.
2023-11-30 23:01:45.993320: W tensorflow/compiler/tf2tensorrt/utils/py_utils.cc:38] TF-TRT Warning: Could not find TensorRT
config.json:   0%|                                                                  | 0.00/69.7k [00:00<?, ?B/s]config.json: 100%|██████████████████████████████████████████████████████████| 69.7k/69.7k [00:00<00:00, 144kB/s]config.json: 100%|██████████████████████████████████████████████████████████| 69.7k/69.7k [00:00<00:00, 144kB/s]
pytorch_model.bin:   0%|                                                            | 0.00/1.22G [00:00<?, ?B/s]pytorch_model.bin:   1%|▍                                                  | 10.5M/1.22G [00:07<14:23, 1.40MB/s]pytorch_model.bin:   2%|▉                                                  | 21.0M/1.22G [00:14<13:21, 1.49MB/s]pytorch_model.bin:   3%|█▎                                                 | 31.5M/1.22G [00:23<15:30, 1.27MB/s]pytorch_model.bin:   3%|█▊                                                 | 41.9M/1.22G [00:35<17:51, 1.10MB/s]pytorch_model.bin:   3%|█▊                                                 | 41.9M/1.22G [00:46<17:51, 1.10MB/s]pytorch_model.bin:   4%|██▏                                                 | 52.4M/1.22G [00:48<19:44, 984kB/s]pytorch_model.bin:   5%|██▋                                                 | 62.9M/1.22G [01:04<23:15, 827kB/s]pytorch_model.bin:   5%|██▋                                                 | 62.9M/1.22G [01:16<23:15, 827kB/s]pytorch_model.bin:   6%|███▏                                                | 73.4M/1.22G [01:21<25:36, 744kB/s]pytorch_model.bin:   6%|███▏                                                | 73.4M/1.22G [01:36<25:36, 744kB/s]pytorch_model.bin:   7%|███▌                                                | 83.9M/1.22G [01:45<31:14, 605kB/s]pytorch_model.bin:   7%|███▌                                                | 83.9M/1.22G [01:56<31:14, 605kB/s]pytorch_model.bin:   8%|████                                                | 94.4M/1.22G [02:19<39:45, 471kB/s]pytorch_model.bin:   8%|████                                                | 94.4M/1.22G [02:36<39:45, 471kB/s]pytorch_model.bin:   9%|████▌                                                | 105M/1.22G [02:57<48:05, 386kB/s]pytorch_model.bin:   9%|████▌                                                | 105M/1.22G [03:16<48:05, 386kB/s]pytorch_model.bin:   9%|█████                                                | 115M/1.22G [03:40<56:21, 326kB/s]pytorch_model.bin:   9%|█████                                                | 115M/1.22G [03:56<56:21, 326kB/s]pytorch_model.bin:  10%|█████▎                                             | 126M/1.22G [05:10<1:26:16, 211kB/s]pytorch_model.bin:  10%|█████▎                                             | 126M/1.22G [05:26<1:26:16, 211kB/s]pytorch_model.bin:  11%|█████▋                                             | 136M/1.22G [06:43<1:49:29, 165kB/s]pytorch_model.bin:  11%|█████▉                                               | 136M/1.22G [06:43<53:31, 337kB/s]
Traceback (most recent call last):
  File "./f00739_classify_image.py", line 27, in classify_image
    model = ViTForImageClassification.from_pretrained('google/vit-large-patch16-224')
  File "/root/autodl-tmp/conda-envs/py38/lib/python3.8/site-packages/transformers/modeling_utils.py", line 3057, in from_pretrained
    resolved_archive_file = cached_file(
  File "/root/autodl-tmp/conda-envs/py38/lib/python3.8/site-packages/transformers/utils/hub.py", line 430, in cached_file
    resolved_file = hf_hub_download(
  File "/root/autodl-tmp/conda-envs/py38/lib/python3.8/site-packages/huggingface_hub/utils/_validators.py", line 118, in _inner_fn
    return fn(*args, **kwargs)
  File "/root/autodl-tmp/conda-envs/py38/lib/python3.8/site-packages/huggingface_hub/file_download.py", line 1461, in hf_hub_download
    http_get(
  File "/root/autodl-tmp/conda-envs/py38/lib/python3.8/site-packages/huggingface_hub/file_download.py", line 569, in http_get
    raise EnvironmentError(
OSError: Consistency check failed: file should be of size 1217466031 but has size 135769438 (pytorch_model.bin).
We are sorry for the inconvenience. Please retry download and pass `force_download=True, resume_download=False` as argument.
If the issue persists, please let us know by opening an issue on https://github.com/huggingface/huggingface_hub.

During handling of the above exception, another exception occurred:

Traceback (most recent call last):
  File "./f00739_classify_image.py", line 78, in <module>
    test_classify_image()
  File "./f00739_classify_image.py", line 70, in test_classify_image
    predicted_class = classify_image(test_image_url)
  File "./f00739_classify_image.py", line 58, in classify_image
    raise OSError("Image file could not be loaded.")
OSError: Image file could not be loaded.
