/root/autodl-tmp/conda-envs/py38/lib/python3.8/site-packages/huggingface_hub/utils/_runtime.py:184: UserWarning: Pydantic is installed but cannot be imported. Please check your installation. `huggingface_hub` will default to not using Pydantic. Error message: '{e}'
  warnings.warn(
/root/autodl-tmp/conda-envs/py38/lib/python3.8/site-packages/pyannote/audio/core/io.py:43: UserWarning: torchaudio._backend.set_audio_backend has been deprecated. With dispatcher enabled, this function is no-op. You can remove the function call.
  torchaudio.set_audio_backend("soundfile")
/root/autodl-tmp/conda-envs/py38/lib/python3.8/site-packages/torch_audiomentations/utils/io.py:27: UserWarning: torchaudio._backend.set_audio_backend has been deprecated. With dispatcher enabled, this function is no-op. You can remove the function call.
  torchaudio.set_audio_backend("soundfile")
Traceback (most recent call last):
  File "./f00906_measure_noise_levels.py", line 23, in measure_noise_levels
    model = Model(
TypeError: __init__() got an unexpected keyword argument 'source'

The above exception was the direct cause of the following exception:

Traceback (most recent call last):
  File "./f00906_measure_noise_levels.py", line 60, in test_measure_noise_levels
    measure_noise_levels('invalid_audio_file.wav', 'valid_access_token')
  File "./f00906_measure_noise_levels.py", line 30, in measure_noise_levels
    raise FileNotFoundError("There was an error loading the pre-trained model.") from exception
FileNotFoundError: There was an error loading the pre-trained model.

During handling of the above exception, another exception occurred:

Traceback (most recent call last):
  File "./f00906_measure_noise_levels.py", line 75, in <module>
    print(test_measure_noise_levels())
  File "./f00906_measure_noise_levels.py", line 62, in test_measure_noise_levels
    assert str(fnf_error) == "[Errno 2] No such file or directory: 'invalid_audio_file.wav'", 'Test Failed'
AssertionError: Test Failed
