Traceback (most recent call last):
  File "output/hf-eval-data-v2/f00719_classify_sentiment.py", line 22, in classify_sentiment
    model = Wav2Vec2ForSequenceClassification.from_pretrained('hackathon-pln-es/wav2vec2-base-finetuned-sentiment-classification-MESD')
  File "/root/miniconda3/envs/py38/lib/python3.8/site-packages/transformers/modeling_utils.py", line 2377, in from_pretrained
    resolved_config_file = cached_file(
  File "/root/miniconda3/envs/py38/lib/python3.8/site-packages/transformers/utils/hub.py", line 429, in cached_file
    resolved_file = hf_hub_download(
  File "/root/miniconda3/envs/py38/lib/python3.8/site-packages/huggingface_hub/utils/_validators.py", line 118, in _inner_fn
    return fn(*args, **kwargs)
  File "/root/miniconda3/envs/py38/lib/python3.8/site-packages/huggingface_hub/file_download.py", line 1193, in hf_hub_download
    os.makedirs(storage_folder, exist_ok=True)
  File "/root/miniconda3/envs/py38/lib/python3.8/os.py", line 223, in makedirs
    mkdir(name, mode)
OSError: [Errno 122] Disk quota exceeded: '/root/autodl-tmp/.cache/huggingface/hub/models--hackathon-pln-es--wav2vec2-base-finetuned-sentiment-classification-MESD'

During handling of the above exception, another exception occurred:

Traceback (most recent call last):
  File "output/hf-eval-data-v2/f00719_classify_sentiment.py", line 55, in <module>
    test_classify_sentiment()
  File "output/hf-eval-data-v2/f00719_classify_sentiment.py", line 48, in test_classify_sentiment
    sentiment = classify_sentiment(sample_audio_file)
  File "output/hf-eval-data-v2/f00719_classify_sentiment.py", line 36, in classify_sentiment
    raise Exception('Failed to classify sentiment: ' + str(e))
Exception: Failed to classify sentiment: [Errno 122] Disk quota exceeded: '/root/autodl-tmp/.cache/huggingface/hub/models--hackathon-pln-es--wav2vec2-base-finetuned-sentiment-classification-MESD'
