Traceback (most recent call last):
  File "output/hf-eval-data-v2/f00829_load_pix2struct_model.py", line 22, in load_pix2struct_model
    config = T5Config.from_pretrained(model_name)
  File "/root/miniconda3/envs/py38/lib/python3.8/site-packages/transformers/configuration_utils.py", line 591, in from_pretrained
    config_dict, kwargs = cls.get_config_dict(pretrained_model_name_or_path, **kwargs)
  File "/root/miniconda3/envs/py38/lib/python3.8/site-packages/transformers/configuration_utils.py", line 620, in get_config_dict
    config_dict, kwargs = cls._get_config_dict(pretrained_model_name_or_path, **kwargs)
  File "/root/miniconda3/envs/py38/lib/python3.8/site-packages/transformers/configuration_utils.py", line 675, in _get_config_dict
    resolved_config_file = cached_file(
  File "/root/miniconda3/envs/py38/lib/python3.8/site-packages/transformers/utils/hub.py", line 429, in cached_file
    resolved_file = hf_hub_download(
  File "/root/miniconda3/envs/py38/lib/python3.8/site-packages/huggingface_hub/utils/_validators.py", line 118, in _inner_fn
    return fn(*args, **kwargs)
  File "/root/miniconda3/envs/py38/lib/python3.8/site-packages/huggingface_hub/file_download.py", line 1193, in hf_hub_download
    os.makedirs(storage_folder, exist_ok=True)
  File "/root/miniconda3/envs/py38/lib/python3.8/os.py", line 223, in makedirs
    mkdir(name, mode)
OSError: [Errno 122] Disk quota exceeded: '/root/autodl-tmp/.cache/huggingface/hub/models--google--pix2struct-chartqa-base'

During handling of the above exception, another exception occurred:

Traceback (most recent call last):
  File "output/hf-eval-data-v2/f00829_load_pix2struct_model.py", line 41, in <module>
    test_load_pix2struct_model()
  File "output/hf-eval-data-v2/f00829_load_pix2struct_model.py", line 35, in test_load_pix2struct_model
    model, tokenizer = load_pix2struct_model()
  File "output/hf-eval-data-v2/f00829_load_pix2struct_model.py", line 27, in load_pix2struct_model
    raise ValueError(f'Unable to load model: {e}')
ValueError: Unable to load model: [Errno 122] Disk quota exceeded: '/root/autodl-tmp/.cache/huggingface/hub/models--google--pix2struct-chartqa-base'
