config.json:   0%|                                                                    | 0.00/954 [00:00<?, ?B/s]config.json: 100%|██████████████████████████████████████████████████████████████| 954/954 [00:00<00:00, 205kB/s]
pytorch_model.bin:   0%|                                                             | 0.00/345M [00:00<?, ?B/s]pytorch_model.bin:   3%|█▌                                                  | 10.5M/345M [00:09<04:47, 1.16MB/s]pytorch_model.bin:   6%|███▏                                                | 21.0M/345M [00:18<04:38, 1.17MB/s]pytorch_model.bin:   9%|████▋                                               | 31.5M/345M [00:29<05:06, 1.02MB/s]pytorch_model.bin:  12%|██████▍                                              | 41.9M/345M [00:43<05:32, 910kB/s]pytorch_model.bin:  15%|███████▉                                            | 52.4M/345M [00:50<04:40, 1.04MB/s]pytorch_model.bin:  18%|█████████▍                                          | 62.9M/345M [00:55<03:44, 1.25MB/s]pytorch_model.bin:  21%|███████████                                         | 73.4M/345M [01:00<03:04, 1.47MB/s]pytorch_model.bin:  24%|████████████▋                                       | 83.9M/345M [01:05<02:44, 1.59MB/s]pytorch_model.bin:  27%|██████████████▏                                     | 94.4M/345M [01:10<02:21, 1.77MB/s]pytorch_model.bin:  30%|████████████████                                     | 105M/345M [01:17<02:26, 1.64MB/s]pytorch_model.bin:  33%|█████████████████▋                                   | 115M/345M [01:27<02:42, 1.41MB/s]pytorch_model.bin:  36%|███████████████████▎                                 | 126M/345M [01:33<02:27, 1.48MB/s]pytorch_model.bin:  40%|████████████████████▉                                | 136M/345M [01:42<02:30, 1.39MB/s]pytorch_model.bin:  43%|██████████████████████▌                              | 147M/345M [01:50<02:27, 1.35MB/s]pytorch_model.bin:  46%|████████████████████████▏                            | 157M/345M [01:59<02:26, 1.28MB/s]pytorch_model.bin:  49%|█████████████████████████▊                           | 168M/345M [02:15<02:56, 1.01MB/s]pytorch_model.bin:  49%|█████████████████████████▊                           | 168M/345M [02:25<02:56, 1.01MB/s]pytorch_model.bin:  52%|███████████████████████████▉                          | 178M/345M [02:27<02:51, 972kB/s]pytorch_model.bin:  55%|█████████████████████████████▌                        | 189M/345M [02:37<02:38, 983kB/s]pytorch_model.bin:  58%|███████████████████████████████▏                      | 199M/345M [02:49<02:35, 939kB/s]pytorch_model.bin:  61%|████████████████████████████████▏                    | 210M/345M [02:56<02:06, 1.07MB/s]pytorch_model.bin:  64%|█████████████████████████████████▊                   | 220M/345M [03:08<02:04, 1.01MB/s]pytorch_model.bin:  67%|████████████████████████████████████                  | 231M/345M [03:19<01:57, 974kB/s]pytorch_model.bin:  70%|█████████████████████████████████████                | 241M/345M [03:26<01:35, 1.09MB/s]pytorch_model.bin:  73%|██████████████████████████████████████▋              | 252M/345M [03:35<01:24, 1.11MB/s]pytorch_model.bin:  76%|████████████████████████████████████████▎            | 262M/345M [03:45<01:15, 1.10MB/s]pytorch_model.bin:  79%|█████████████████████████████████████████▉           | 273M/345M [03:52<01:01, 1.18MB/s]pytorch_model.bin:  82%|███████████████████████████████████████████▍         | 283M/345M [04:03<00:54, 1.13MB/s]pytorch_model.bin:  82%|███████████████████████████████████████████▍         | 283M/345M [04:15<00:54, 1.13MB/s]pytorch_model.bin:  85%|█████████████████████████████████████████████        | 294M/345M [04:16<00:51, 1.00MB/s]pytorch_model.bin:  88%|██████████████████████████████████████████████▋      | 304M/345M [04:26<00:40, 1.01MB/s]pytorch_model.bin:  91%|████████████████████████████████████████████████▎    | 315M/345M [04:34<00:27, 1.10MB/s]pytorch_model.bin:  91%|████████████████████████████████████████████████▎    | 315M/345M [04:45<00:27, 1.10MB/s]pytorch_model.bin:  94%|██████████████████████████████████████████████████▉   | 325M/345M [04:55<00:24, 807kB/s]pytorch_model.bin:  94%|██████████████████████████████████████████████████▉   | 325M/345M [05:05<00:24, 807kB/s]pytorch_model.bin:  97%|████████████████████████████████████████████████████▌ | 336M/345M [05:08<00:11, 804kB/s]pytorch_model.bin:  97%|████████████████████████████████████████████████████▌ | 336M/345M [05:25<00:11, 804kB/s]pytorch_model.bin: 100%|██████████████████████████████████████████████████████| 345M/345M [05:26<00:00, 697kB/s]pytorch_model.bin: 100%|█████████████████████████████████████████████████████| 345M/345M [05:26<00:00, 1.06MB/s]
Traceback (most recent call last):
  File "./f00375_load_and_classify_video.py", line 27, in load_and_classify_video
    with open(video_path, "rb") as fp:
FileNotFoundError: [Errno 2] No such file or directory: 'test_video.mp4'

During handling of the above exception, another exception occurred:

Traceback (most recent call last):
  File "./f00375_load_and_classify_video.py", line 53, in <module>
    test_load_and_classify_video()
  File "./f00375_load_and_classify_video.py", line 43, in test_load_and_classify_video
    result = load_and_classify_video('lmazzon70/videomae-base-finetuned-kinetics-finetuned-rwf2000mp4-epochs8-batch8-kb', 'test_video.mp4')
  File "./f00375_load_and_classify_video.py", line 34, in load_and_classify_video
    raise FileNotFoundError("The video file does not exist.")
FileNotFoundError: The video file does not exist.
