Downloading (…)ain/hyperparams.yaml:   0%|                                                                         | 0.00/1.52k [00:00<?, ?B/s]Downloading (…)ain/hyperparams.yaml: 100%|█████████████████████████████████████████████████████████████████| 1.52k/1.52k [00:00<00:00, 140kB/s]
'(MaxRetryError("HTTPSConnectionPool(host='cdn-lfs.huggingface.co', port=443): Max retries exceeded with url: /speechbrain/lang-id-voxlingua107-ecapa/ab750d5c06d713477045fa798fab5d33e959dbc0dfe4de510a9a47844c79a19a?response-content-disposition=attachment%3B+filename*%3DUTF-8%27%27embedding_model.ckpt%3B+filename%3D%22embedding_model.ckpt%22%3B&Expires=1699955695&Policy=eyJTdGF0ZW1lbnQiOlt7IkNvbmRpdGlvbiI6eyJEYXRlTGVzc1RoYW4iOnsiQVdTOkVwb2NoVGltZSI6MTY5OTk1NTY5NX19LCJSZXNvdXJjZSI6Imh0dHBzOi8vY2RuLWxmcy5odWdnaW5nZmFjZS5jby9zcGVlY2hicmFpbi9sYW5nLWlkLXZveGxpbmd1YTEwNy1lY2FwYS9hYjc1MGQ1YzA2ZDcxMzQ3NzA0NWZhNzk4ZmFiNWQzM2U5NTlkYmMwZGZlNGRlNTEwYTlhNDc4NDRjNzlhMTlhP3Jlc3BvbnNlLWNvbnRlbnQtZGlzcG9zaXRpb249KiJ9XX0_&Signature=XduKAF9LW7LNQwyY7A4uClnMagt63w6073Ndue9MXLj085xb7JDecGIoLZohQXCMZOL3JehlGVQ0kWOYjwiGtgqlhYzH9O~5GsrCjhFzkiJFp4lB~YsihHudiioX1xd6P8iSu8WX9Oa6GNNV5RIfrXRxDAAYhQwFC7P2S8ToCxXncbUf5pELrK0V9JqU1e0l2OpMUODuwrJA3sHVeXUOlCWx3xyazuSiuA~21sgftKR1yHYe-kw1TAQRoCAgpg3c55z-ELYnn~8e1~g5zaZ7zL1WFFt4tEHWLGJzTTGiK9k3vnV1ay2haR0uYP1NjYmKqX~s2qjH5C9~wQobP~n~pA__&Key-Pair-Id=KVTP0A1DKRTAX (Caused by ProxyError('Cannot connect to proxy.', timeout('_ssl.c:1114: The handshake operation timed out')))"), '(Request ID: 9349e0ef-1044-4a62-b9c6-81150370658f)')' thrown while requesting GET https://cdn-lfs.huggingface.co/speechbrain/lang-id-voxlingua107-ecapa/ab750d5c06d713477045fa798fab5d33e959dbc0dfe4de510a9a47844c79a19a?response-content-disposition=attachment%3B+filename*%3DUTF-8%27%27embedding_model.ckpt%3B+filename%3D%22embedding_model.ckpt%22%3B&Expires=1699955695&Policy=eyJTdGF0ZW1lbnQiOlt7IkNvbmRpdGlvbiI6eyJEYXRlTGVzc1RoYW4iOnsiQVdTOkVwb2NoVGltZSI6MTY5OTk1NTY5NX19LCJSZXNvdXJjZSI6Imh0dHBzOi8vY2RuLWxmcy5odWdnaW5nZmFjZS5jby9zcGVlY2hicmFpbi9sYW5nLWlkLXZveGxpbmd1YTEwNy1lY2FwYS9hYjc1MGQ1YzA2ZDcxMzQ3NzA0NWZhNzk4ZmFiNWQzM2U5NTlkYmMwZGZlNGRlNTEwYTlhNDc4NDRjNzlhMTlhP3Jlc3BvbnNlLWNvbnRlbnQtZGlzcG9zaXRpb249KiJ9XX0_&Signature=XduKAF9LW7LNQwyY7A4uClnMagt63w6073Ndue9MXLj085xb7JDecGIoLZohQXCMZOL3JehlGVQ0kWOYjwiGtgqlhYzH9O%7E5GsrCjhFzkiJFp4lB%7EYsihHudiioX1xd6P8iSu8WX9Oa6GNNV5RIfrXRxDAAYhQwFC7P2S8ToCxXncbUf5pELrK0V9JqU1e0l2OpMUODuwrJA3sHVeXUOlCWx3xyazuSiuA%7E21sgftKR1yHYe-kw1TAQRoCAgpg3c55z-ELYnn%7E8e1%7Eg5zaZ7zL1WFFt4tEHWLGJzTTGiK9k3vnV1ay2haR0uYP1NjYmKqX%7Es2qjH5C9%7EwQobP%7En%7EpA__&Key-Pair-Id=KVTP0A1DKRTAX
Traceback (most recent call last):
  File "/root/miniconda3/envs/py38/lib/python3.8/site-packages/urllib3/connectionpool.py", line 712, in urlopen
    self._prepare_proxy(conn)
  File "/root/miniconda3/envs/py38/lib/python3.8/site-packages/urllib3/connectionpool.py", line 1012, in _prepare_proxy
    conn.connect()
  File "/root/miniconda3/envs/py38/lib/python3.8/site-packages/urllib3/connection.py", line 419, in connect
    self.sock = ssl_wrap_socket(
  File "/root/miniconda3/envs/py38/lib/python3.8/site-packages/urllib3/util/ssl_.py", line 449, in ssl_wrap_socket
    ssl_sock = _ssl_wrap_socket_impl(
  File "/root/miniconda3/envs/py38/lib/python3.8/site-packages/urllib3/util/ssl_.py", line 493, in _ssl_wrap_socket_impl
    return ssl_context.wrap_socket(sock, server_hostname=server_hostname)
  File "/root/miniconda3/envs/py38/lib/python3.8/ssl.py", line 500, in wrap_socket
    return self.sslsocket_class._create(
  File "/root/miniconda3/envs/py38/lib/python3.8/ssl.py", line 1073, in _create
    self.do_handshake()
  File "/root/miniconda3/envs/py38/lib/python3.8/ssl.py", line 1342, in do_handshake
    self._sslobj.do_handshake()
socket.timeout: _ssl.c:1114: The handshake operation timed out

During handling of the above exception, another exception occurred:

Traceback (most recent call last):
  File "/root/miniconda3/envs/py38/lib/python3.8/site-packages/requests/adapters.py", line 486, in send
    resp = conn.urlopen(
  File "/root/miniconda3/envs/py38/lib/python3.8/site-packages/urllib3/connectionpool.py", line 799, in urlopen
    retries = retries.increment(
  File "/root/miniconda3/envs/py38/lib/python3.8/site-packages/urllib3/util/retry.py", line 592, in increment
    raise MaxRetryError(_pool, url, error or ResponseError(cause))
urllib3.exceptions.MaxRetryError: HTTPSConnectionPool(host='cdn-lfs.huggingface.co', port=443): Max retries exceeded with url: /speechbrain/lang-id-voxlingua107-ecapa/ab750d5c06d713477045fa798fab5d33e959dbc0dfe4de510a9a47844c79a19a?response-content-disposition=attachment%3B+filename*%3DUTF-8%27%27embedding_model.ckpt%3B+filename%3D%22embedding_model.ckpt%22%3B&Expires=1699955695&Policy=eyJTdGF0ZW1lbnQiOlt7IkNvbmRpdGlvbiI6eyJEYXRlTGVzc1RoYW4iOnsiQVdTOkVwb2NoVGltZSI6MTY5OTk1NTY5NX19LCJSZXNvdXJjZSI6Imh0dHBzOi8vY2RuLWxmcy5odWdnaW5nZmFjZS5jby9zcGVlY2hicmFpbi9sYW5nLWlkLXZveGxpbmd1YTEwNy1lY2FwYS9hYjc1MGQ1YzA2ZDcxMzQ3NzA0NWZhNzk4ZmFiNWQzM2U5NTlkYmMwZGZlNGRlNTEwYTlhNDc4NDRjNzlhMTlhP3Jlc3BvbnNlLWNvbnRlbnQtZGlzcG9zaXRpb249KiJ9XX0_&Signature=XduKAF9LW7LNQwyY7A4uClnMagt63w6073Ndue9MXLj085xb7JDecGIoLZohQXCMZOL3JehlGVQ0kWOYjwiGtgqlhYzH9O~5GsrCjhFzkiJFp4lB~YsihHudiioX1xd6P8iSu8WX9Oa6GNNV5RIfrXRxDAAYhQwFC7P2S8ToCxXncbUf5pELrK0V9JqU1e0l2OpMUODuwrJA3sHVeXUOlCWx3xyazuSiuA~21sgftKR1yHYe-kw1TAQRoCAgpg3c55z-ELYnn~8e1~g5zaZ7zL1WFFt4tEHWLGJzTTGiK9k3vnV1ay2haR0uYP1NjYmKqX~s2qjH5C9~wQobP~n~pA__&Key-Pair-Id=KVTP0A1DKRTAX (Caused by ProxyError('Cannot connect to proxy.', timeout('_ssl.c:1114: The handshake operation timed out')))

During handling of the above exception, another exception occurred:

Traceback (most recent call last):
  File "./f00243_identify_language.py", line 22, in identify_language
    language_id = EncoderClassifier.from_hparams(source='speechbrain/lang-id-voxlingua107-ecapa', savedir='/tmp')
  File "/root/miniconda3/envs/py38/lib/python3.8/site-packages/speechbrain/pretrained/interfaces.py", line 430, in from_hparams
    run_on_main(
  File "/root/miniconda3/envs/py38/lib/python3.8/site-packages/speechbrain/utils/distributed.py", line 61, in run_on_main
    func(*args, **kwargs)
  File "/root/miniconda3/envs/py38/lib/python3.8/site-packages/speechbrain/utils/parameter_transfer.py", line 247, in collect_files
    path = fetch(
  File "/root/miniconda3/envs/py38/lib/python3.8/site-packages/speechbrain/pretrained/fetching.py", line 161, in fetch
    fetched_file = huggingface_hub.hf_hub_download(
  File "/root/miniconda3/envs/py38/lib/python3.8/site-packages/huggingface_hub/utils/_validators.py", line 118, in _inner_fn
    return fn(*args, **kwargs)
  File "/root/miniconda3/envs/py38/lib/python3.8/site-packages/huggingface_hub/file_download.py", line 1429, in hf_hub_download
    http_get(
  File "/root/miniconda3/envs/py38/lib/python3.8/site-packages/huggingface_hub/file_download.py", line 515, in http_get
    r = _request_wrapper(
  File "/root/miniconda3/envs/py38/lib/python3.8/site-packages/huggingface_hub/file_download.py", line 452, in _request_wrapper
    return http_backoff(
  File "/root/miniconda3/envs/py38/lib/python3.8/site-packages/huggingface_hub/utils/_http.py", line 274, in http_backoff
    raise err
  File "/root/miniconda3/envs/py38/lib/python3.8/site-packages/huggingface_hub/utils/_http.py", line 258, in http_backoff
    response = session.request(method=method, url=url, **kwargs)
  File "/root/miniconda3/envs/py38/lib/python3.8/site-packages/requests/sessions.py", line 589, in request
    resp = self.send(prep, **send_kwargs)
  File "/root/miniconda3/envs/py38/lib/python3.8/site-packages/requests/sessions.py", line 703, in send
    r = adapter.send(request, **kwargs)
  File "/root/miniconda3/envs/py38/lib/python3.8/site-packages/huggingface_hub/utils/_http.py", line 63, in send
    return super().send(request, *args, **kwargs)
  File "/root/miniconda3/envs/py38/lib/python3.8/site-packages/requests/adapters.py", line 513, in send
    raise ProxyError(e, request=request)
requests.exceptions.ProxyError: (MaxRetryError("HTTPSConnectionPool(host='cdn-lfs.huggingface.co', port=443): Max retries exceeded with url: /speechbrain/lang-id-voxlingua107-ecapa/ab750d5c06d713477045fa798fab5d33e959dbc0dfe4de510a9a47844c79a19a?response-content-disposition=attachment%3B+filename*%3DUTF-8%27%27embedding_model.ckpt%3B+filename%3D%22embedding_model.ckpt%22%3B&Expires=1699955695&Policy=eyJTdGF0ZW1lbnQiOlt7IkNvbmRpdGlvbiI6eyJEYXRlTGVzc1RoYW4iOnsiQVdTOkVwb2NoVGltZSI6MTY5OTk1NTY5NX19LCJSZXNvdXJjZSI6Imh0dHBzOi8vY2RuLWxmcy5odWdnaW5nZmFjZS5jby9zcGVlY2hicmFpbi9sYW5nLWlkLXZveGxpbmd1YTEwNy1lY2FwYS9hYjc1MGQ1YzA2ZDcxMzQ3NzA0NWZhNzk4ZmFiNWQzM2U5NTlkYmMwZGZlNGRlNTEwYTlhNDc4NDRjNzlhMTlhP3Jlc3BvbnNlLWNvbnRlbnQtZGlzcG9zaXRpb249KiJ9XX0_&Signature=XduKAF9LW7LNQwyY7A4uClnMagt63w6073Ndue9MXLj085xb7JDecGIoLZohQXCMZOL3JehlGVQ0kWOYjwiGtgqlhYzH9O~5GsrCjhFzkiJFp4lB~YsihHudiioX1xd6P8iSu8WX9Oa6GNNV5RIfrXRxDAAYhQwFC7P2S8ToCxXncbUf5pELrK0V9JqU1e0l2OpMUODuwrJA3sHVeXUOlCWx3xyazuSiuA~21sgftKR1yHYe-kw1TAQRoCAgpg3c55z-ELYnn~8e1~g5zaZ7zL1WFFt4tEHWLGJzTTGiK9k3vnV1ay2haR0uYP1NjYmKqX~s2qjH5C9~wQobP~n~pA__&Key-Pair-Id=KVTP0A1DKRTAX (Caused by ProxyError('Cannot connect to proxy.', timeout('_ssl.c:1114: The handshake operation timed out')))"), '(Request ID: 9349e0ef-1044-4a62-b9c6-81150370658f)')

The above exception was the direct cause of the following exception:

Traceback (most recent call last):
  File "./f00243_identify_language.py", line 45, in <module>
    test_identify_language()
  File "./f00243_identify_language.py", line 36, in test_identify_language
    assert identify_language('https://omniglot.com/soundfiles/udhr/udhr_th.mp3') == 'th'
  File "./f00243_identify_language.py", line 27, in identify_language
    raise Exception('Failed to process the audio file.') from e
Exception: Failed to process the audio file.
