2023-11-12 02:42:32.318391: I tensorflow/core/util/port.cc:110] oneDNN custom operations are on. You may see slightly different numerical results due to floating-point round-off errors from different computation orders. To turn them off, set the environment variable `TF_ENABLE_ONEDNN_OPTS=0`.
2023-11-12 02:42:32.360424: I tensorflow/core/platform/cpu_feature_guard.cc:182] This TensorFlow binary is optimized to use available CPU instructions in performance-critical operations.
To enable the following instructions: AVX2 AVX512F AVX512_VNNI FMA, in other operations, rebuild TensorFlow with the appropriate compiler flags.
2023-11-12 02:42:33.016153: W tensorflow/compiler/tf2tensorrt/utils/py_utils.cc:38] TF-TRT Warning: Could not find TensorRT
Traceback (most recent call last):
  File "/root/miniconda3/envs/py38/lib/python3.8/site-packages/huggingface_hub/utils/_errors.py", line 261, in hf_raise_for_status
    response.raise_for_status()
  File "/root/miniconda3/envs/py38/lib/python3.8/site-packages/requests/models.py", line 1021, in raise_for_status
    raise HTTPError(http_error_msg, response=self)
requests.exceptions.HTTPError: 404 Client Error: Not Found for url: https://huggingface.co/laion/CLIP-convnext_base_w-laion2B-s13B-b82K/resolve/main/config.json

The above exception was the direct cause of the following exception:

Traceback (most recent call last):
  File "/root/miniconda3/envs/py38/lib/python3.8/site-packages/transformers/utils/hub.py", line 429, in cached_file
    resolved_file = hf_hub_download(
  File "/root/miniconda3/envs/py38/lib/python3.8/site-packages/huggingface_hub/utils/_validators.py", line 118, in _inner_fn
    return fn(*args, **kwargs)
  File "/root/miniconda3/envs/py38/lib/python3.8/site-packages/huggingface_hub/file_download.py", line 1230, in hf_hub_download
    metadata = get_hf_file_metadata(
  File "/root/miniconda3/envs/py38/lib/python3.8/site-packages/huggingface_hub/utils/_validators.py", line 118, in _inner_fn
    return fn(*args, **kwargs)
  File "/root/miniconda3/envs/py38/lib/python3.8/site-packages/huggingface_hub/file_download.py", line 1606, in get_hf_file_metadata
    hf_raise_for_status(r)
  File "/root/miniconda3/envs/py38/lib/python3.8/site-packages/huggingface_hub/utils/_errors.py", line 271, in hf_raise_for_status
    raise EntryNotFoundError(message, response) from e
huggingface_hub.utils._errors.EntryNotFoundError: 404 Client Error. (Request ID: Root=1-654fcb1d-77b01e3d674908b423d73b12;4114f041-550e-4f1d-8821-e738ff86a00d)

Entry Not Found for url: https://huggingface.co/laion/CLIP-convnext_base_w-laion2B-s13B-b82K/resolve/main/config.json.

The above exception was the direct cause of the following exception:

Traceback (most recent call last):
  File "./f00485_classify_plant.py", line 22, in classify_plant
    clip = pipeline('image-classification', model='laion/CLIP-convnext_base_w-laion2B-s13B-b82K')
  File "/root/miniconda3/envs/py38/lib/python3.8/site-packages/transformers/pipelines/__init__.py", line 741, in pipeline
    config = AutoConfig.from_pretrained(model, _from_pipeline=task, **hub_kwargs, **model_kwargs)
  File "/root/miniconda3/envs/py38/lib/python3.8/site-packages/transformers/models/auto/configuration_auto.py", line 1023, in from_pretrained
    config_dict, unused_kwargs = PretrainedConfig.get_config_dict(pretrained_model_name_or_path, **kwargs)
  File "/root/miniconda3/envs/py38/lib/python3.8/site-packages/transformers/configuration_utils.py", line 620, in get_config_dict
    config_dict, kwargs = cls._get_config_dict(pretrained_model_name_or_path, **kwargs)
  File "/root/miniconda3/envs/py38/lib/python3.8/site-packages/transformers/configuration_utils.py", line 675, in _get_config_dict
    resolved_config_file = cached_file(
  File "/root/miniconda3/envs/py38/lib/python3.8/site-packages/transformers/utils/hub.py", line 480, in cached_file
    raise EnvironmentError(
OSError: laion/CLIP-convnext_base_w-laion2B-s13B-b82K does not appear to have a file named config.json. Checkout 'https://huggingface.co/laion/CLIP-convnext_base_w-laion2B-s13B-b82K/main' for available files.

The above exception was the direct cause of the following exception:

Traceback (most recent call last):
  File "./f00485_classify_plant.py", line 57, in <module>
    test_classify_plant()
  File "./f00485_classify_plant.py", line 38, in test_classify_plant
    result = classify_plant(image_path, labels)
  File "./f00485_classify_plant.py", line 27, in classify_plant
    raise OSError('Model or image file not found.') from e
OSError: Model or image file not found.
